// Jest Snapshot v1, https://goo.gl/fbAQLP

exports[`Banner - Exists render component successfully 1`] = `
<div
  className="dispute-resolution-banner"
>
  <div
    className="banner-container"
  >
    <Link
      replace={false}
      to=""
    >
      ‚Üê Go back to the list
    </Link>
    <div
      className="dispute-title"
    />
  </div>
</div>
`;
